[www.antgroup.com/index.html]
[backblue.gif]
[fade.gif]
[index.html]
[a.alipayobjects.com/index48cf.html]
[a.alipayobjects.com/staticweb/app_www_antfinancial_com_view_index_html_css-7ba8267210d4cbeb0b2b.css]
[zos.alipayobjects.com/rmsportal/DuZnPddOZJNoNRH.png]
[www.antgroup.com/introduction.html]
[www.antgroup.com/history.html]
[www.antgroup.com/culture.html]
[www.antgroup.com/team.html]
[www.antgroup.com/family.html]
[www.antgroup.com/fqa.html]
[www.antgroup.com/news.html]
[www.antgroup.com/report.html]
[www.antgroup.com/dataBrand.html]
[www.antgroup.com/socialMedia.html]
[www.antgroup.com/brand.html]
[www.antgroup.com/development.html]
[www.antgroup.com/exploration.html]
[www.antgroup.com/address.html]
[www.antgroup.com/financialKnowledge.html]
[www.antgroup.com/riskWarning.html]
[www.antgroup.com/policyGuide.html]
[www.antgroup.com/professional.html]
[www.antgroup.com/caseAnalysis.html]
[www.antgroup.com/index21f4.html]
[www.antgroup.com/index97fa.html]
[zos.alipayobjects.com/rmsportal/XvpJYqsslOMcbhm.jpg]
[zos.alipayobjects.com/rmsportal/GjYqYNGGWOAdrsV.jpg]
[zos.alipayobjects.com/rmsportal/oyqubhFUEeJIqGY.jpg]
[zos.alipayobjects.com/rmsportal/JiSCGRoprAFrULz.jpg]
[zos.alipayobjects.com/rmsportal/vURxcMejfGxwPiw.jpg]
[os.alipayobjects.com/rmsportal/MVwXqejFjQuIeLD.js]
[t.alipayobjects.com/images/T1IixcXhlKXXXXXXXX.png]
[t.alipayobjects.com/images/T1giBcXiV_XXXXXXXX.png]
[t.alipayobjects.com/images/T1iyxcXdFGXXXXXXXX.png]
[www.antgroup.com/index.html]
[a.alipayobjects.com/staticweb/app_www_antfinancial_com_view_index_html_js-5901df2c176597ca3874.js]
[a.alipayobjects.com/index48cf.html]
[t.alipayobjects.com/images/T1VFVcXeJvXXXXXXXX.js]
[zos.alipayobjects.com/rmsportal/MbuRuHwqpXHxMEb.png]
[a.alipayobjects.com/staticweb/app_www_antfinancial_com_view_index_html_css-7ba8267210d4cbeb0b2b.css]
[a.alipayobjects.com/staticweb/app_www_antfinancial_com_view_introduction_html_css-9b2665e732c4c657d2b5.css]
[zos.alipayobjects.com/rmsportal/ePocpSRSnlhwhSg.jpg]
[zos.alipayobjects.com/rmsportal/jueTnoovnsgGIpc.png]
[www.antgroup.com/introduction.html]
[a.alipayobjects.com/staticweb/app_www_antfinancial_com_view_introduction_html_js-f738f68512e6da6e22f6.js]
[a.alipayobjects.com/staticweb/app_www_antfinancial_com_view_history_html_css-eead7059ba11ddaa6ee8.css]
[os.alipayobjects.com/rmsportal/nGFyCGHAblMWsYE.js]
[www.antgroup.com/history.html]
[a.alipayobjects.com/staticweb/app_www_antfinancial_com_view_history_html_js-539129ebbbfe190e5445.js]
[a.alipayobjects.com/staticweb/app_www_antfinancial_com_view_culture_html_css-7a3727374e52bb48ad99.css]
[zos.alipayobjects.com/rmsportal/cwyIYNbXoJcDuQu.jpg]
[zos.alipayobjects.com/rmsportal/MBwrAvgESMbAjXl.png]
[zos.alipayobjects.com/rmsportal/ZzUXhUwAtcrjNnc.png]
[zos.alipayobjects.com/rmsportal/LNGPBEmmhssRsgH.png]
[www.antgroup.com/culture.html]
[a.alipayobjects.com/staticweb/app_www_antfinancial_com_view_culture_html_js-091d055a9e1c005bfec0.js]
[a.alipayobjects.com/staticweb/app_www_antfinancial_com_view_team_html_css-ae0416aae0134aea16e4.css]
[zos.alipayobjects.com/rmsportal/soSilfiMTvxkIXE.png]
[zos.alipayobjects.com/rmsportal/gymEZtUnTQaHnAz.png]
[zos.alipayobjects.com/rmsportal/JNGmVTFSCYrcGdh.png]
[zos.alipayobjects.com/rmsportal/FGwPsorfrhcEZXe.png]
[zos.alipayobjects.com/rmsportal/pwPiiqlgsArNINY.png]
[zos.alipayobjects.com/rmsportal/uXsFgLsKcjtyQNK.png]
[zos.alipayobjects.com/rmsportal/oDXhmzpxDZfVZWN.png]
[zos.alipayobjects.com/rmsportal/dSWhcaqJkQHRwiu.png]
[zos.alipayobjects.com/rmsportal/vmzisbtxWyCBOmd.png]
[zos.alipayobjects.com/rmsportal/fFLZqqucyKXthjr.png]
[zos.alipayobjects.com/rmsportal/wOmHztrGwNvxwdR.png]
[zos.alipayobjects.com/rmsportal/gcRXHyjfpdtCaSu.png]
[zos.alipayobjects.com/rmsportal/jiTWtWdUJhMUaUM.png]
[zos.alipayobjects.com/rmsportal/FZgVvbuyZxFvgvd.png]
[zos.alipayobjects.com/rmsportal/NtnfaUbphIrMOgB.png]
[zos.alipayobjects.com/rmsportal/hwYiJcmLXdlPhlb.png]
[zos.alipayobjects.com/rmsportal/XEsAcwCuCyEZCmf.png]
[zos.alipayobjects.com/rmsportal/OFSuGpgxqZzNVJY.png]
[zos.alipayobjects.com/rmsportal/ChWpVljZaNrdSEH.png]
[zos.alipayobjects.com/rmsportal/QPLRvDyZceRUThf.png]
[www.antgroup.com/team.html]
[a.alipayobjects.com/staticweb/app_www_antfinancial_com_view_family_html_css-d740d6372c3eed4f8bca.css]
[zos.alipayobjects.com/rmsportal/IwPizSulFmRRmXc.png]
[zos.alipayobjects.com/rmsportal/pkLzjIMYMLDQaJN.png]
[zos.alipayobjects.com/rmsportal/YLqTzvNkQNIQCeX.png]
[zos.alipayobjects.com/rmsportal/puPxmlgvsrPYINE.png]
[zos.alipayobjects.com/rmsportal/ODpTjnOehSxUBzm.png]
[zos.alipayobjects.com/rmsportal/QoZrKFQSDhjYqlm.png]
[zos.alipayobjects.com/rmsportal/aLvRosCdzTLziSc.png]
[zos.alipayobjects.com/rmsportal/DIcxACPHnbyOjAQ.png]
[zos.alipayobjects.com/rmsportal/fGsKlYQCsZzcPUp.png]
[www.antgroup.com/family.html]
[www.antgroup.com/fqa.html]
[a.alipayobjects.com/staticweb/app_www_antfinancial_com_view_fqa_html_css-fde192cd6de58f93be73.css]
[a.alipayobjects.com/staticweb/app_www_antfinancial_com_view_news_html_css-28df6d9b94e97dc62998.css]
[www.antgroup.com/newsd7e3.html]
[www.antgroup.com/newse799.html]
[www.antgroup.com/news2d8a.html]
[www.antgroup.com/newsa575.html]
[www.antgroup.com/news2849.html]
[www.antgroup.com/news716b.html]
[www.antgroup.com/news5644.html]
[www.antgroup.com/news4cda.html]
[www.antgroup.com/newse32c.html]
[www.antgroup.com/news513c.html]
[www.antgroup.com/news51b8.html]
[www.antgroup.com/news62d9.html]
[www.antgroup.com/news001f.html]
[www.antgroup.com/news5ae3.html]
[www.antgroup.com/news934b.html]
[www.antgroup.com/newsbd64.html]
[www.antgroup.com/newsfcf2.html]
[www.antgroup.com/news0120.html]
[www.antgroup.com/newsc344.html]
[www.antgroup.com/news.html]
[a.alipayobjects.com/staticweb/app_www_antfinancial_com_view_articleList_html_css-69fd3bec1a79e777d77f.css]
[www.antgroup.com/newsDetail5812.html]
[www.antgroup.com/newsDetailecc7.html]
[www.antgroup.com/newsDetail5d42.html]
[www.antgroup.com/newsDetail0008.html]
[www.antgroup.com/newsDetail7ff1.html]
[www.antgroup.com/newsDetail3e58.html]
[www.antgroup.com/newsDetail75cf.html]
[www.antgroup.com/newsDetail2512.html]
[www.antgroup.com/newsDetailcf47.html]
[www.antgroup.com/report934b.html]
[www.antgroup.com/reportbd64.html]
[www.antgroup.com/report.html]
[www.antgroup.com/reportfcf2.html]
[a.alipayobjects.com/staticweb/app_www_antfinancial_com_view_dataBrand_html_css-7676b53b481ece178cd3.css]
[zos.alipayobjects.com/rmsportal/fCiBSKxgjljtzSk.png]
[www.antgroup.com/dataVideo.html]
[zos.alipayobjects.com/rmsportal/ThzRbaIvEmNUxtM.png]
[zos.alipayobjects.com/rmsportal/DjynvgUvVrazrur.png]
[zos.alipayobjects.com/rmsportal/rUOhWatiEiBipvR.png]
[zos.alipayobjects.com/rmsportal/KDmAaILXCWPZmvQ.png]
[zos.alipayobjects.com/rmsportal/eMtRZmtCHFjPfsd.png]
[zos.alipayobjects.com/rmsportal/ZXPPqrfijYZtvmc.png]
[zos.alipayobjects.com/rmsportal/RfErtiOEZODzWrj.png]
[zos.alipayobjects.com/rmsportal/hJHaqftooKjYOiY.png]
[zos.alipayobjects.com/rmsportal/GGbYXZcNgVTulUh.png]
[zos.alipayobjects.com/rmsportal/uAWaesxdqnBewKE.png]
[zos.alipayobjects.com/rmsportal/nTRDaFHlEuEdqcD.png]
[zos.alipayobjects.com/rmsportal/hJbARPDupBpLLei.png]
[zos.alipayobjects.com/rmsportal/PUqohIfJnJCvHWC.png]
[zos.alipayobjects.com/rmsportal/WcLdCekfzYTEXUQ.png]
[www.antgroup.com/dataBrand.html]
[a.alipayobjects.com/staticweb/app_www_antfinancial_com_view_socialMedia_html_css-4e9d2a4e70c335d700d3.css]
[zos.alipayobjects.com/rmsportal/ByBdKbcylFFOgoO.png]
[zos.alipayobjects.com/rmsportal/FfnSprIuBQdnyML.png]
[zos.alipayobjects.com/rmsportal/jDrUssxwfmudToL.png]
[zos.alipayobjects.com/rmsportal/flaMGnYKOpgoAmE.png]
[zos.alipayobjects.com/rmsportal/UOVJjymXgyJjffF.png]
[zos.alipayobjects.com/rmsportal/xcBHWNSUeutwKvN.png]
[www.antgroup.com/socialMedia.html]
[a.alipayobjects.com/staticweb/app_www_antfinancial_com_view_brand_html_css-97f3a55cfde1273a3ece.css]
[zos.alipayobjects.com/rmsportal/rBGRLCrtkHWCCXK.png]
[zos.alipayobjects.com/rmsportal/ILZkupzDupAPDDW.png]
[zos.alipayobjects.com/rmsportal/ONDpilnOtrNTDNI.png]
[zos.alipayobjects.com/rmsportal/gAVLhCQsLtGoyRl.png]
[zos.alipayobjects.com/rmsportal/STJEEBoMwrSrTqF.png]
[zos.alipayobjects.com/rmsportal/iLuHIGMpcmsyKPo.png]
[zos.alipayobjects.com/rmsportal/SFAOasoQrprZATh.png]
[zos.alipayobjects.com/rmsportal/KlGqfSYvxGdUqmY.png]
[zos.alipayobjects.com/rmsportal/qfQyCweWKSvfhHk.png]
[zos.alipayobjects.com/rmsportal/ySTMUOICufctReB.png]
[zos.alipayobjects.com/rmsportal/dNVadEFWvWJVzxs.png]
[zos.alipayobjects.com/rmsportal/aeZiHNCJJVyuqyT.png]
[zos.alipayobjects.com/rmsportal/maNswoTPZnOmqVz.png]
[zos.alipayobjects.com/rmsportal/IIFrySzkKxtiNPJ.png]
[zos.alipayobjects.com/rmsportal/yqHqXalWJgnatQC.png]
[zos.alipayobjects.com/rmsportal/mMVebXbqdyHXBRY.png]
[zos.alipayobjects.com/rmsportal/MqNdfWesueyeXQO.png]
[zos.alipayobjects.com/rmsportal/fhyMWCVALCZwSyO.png]
[www.antgroup.com/brand.html]
[a.alipayobjects.com/staticweb/app_www_antfinancial_com_view_development_html_css-ac045242015379162f22.css]
[zos.alipayobjects.com/rmsportal/HbBvBvYtyefnjRm.jpg]
[www.antgroup.com/development.html]
[a.alipayobjects.com/staticweb/app_www_antfinancial_com_view_exploration_html_css-bb907ce02e56661d271c.css]
[www.antgroup.com/exploration.html]
[zos.alipayobjects.com/rmsportal/ypEPlftFMEvHihy.jpg]
[a.alipayobjects.com/staticweb/app_www_antfinancial_com_view_address_html_css-a6c2ff8d96b421e61367.css]
[zos.alipayobjects.com/rmsportal/rlrukKTtdMLJJNw.png]
[zos.alipayobjects.com/rmsportal/xxROlCQPzIOPzAh.png]
[zos.alipayobjects.com/rmsportal/UOcBAKnKfTPpUtD.png]
[zos.alipayobjects.com/rmsportal/pmycvhDfbolAvoy.png]
[zos.alipayobjects.com/rmsportal/oSDhKWzFOcNwKhc.png]
[zos.alipayobjects.com/rmsportal/CHuUhNsxJJJMfCW.png]
[zos.alipayobjects.com/rmsportal/ShwXQfWtLRgQmZT.png]
[zos.alipayobjects.com/rmsportal/xQMoIYGNqeyiZDo.png]
[a.alipayobjects.com/staticweb/app_www_antfinancial_com_view_address_html_js-89dd82cd5de9b5ddabce.js]
[www.antgroup.com/address.html]
[www.antgroup.com/newsDetailacee.html]
[www.antgroup.com/newsDetail4fd0.html]
[www.antgroup.com/newsDetaila578.html]
[www.antgroup.com/newsDetailfae3.html]
[www.antgroup.com/newsDetail44b5.html]
[www.antgroup.com/newsDetailef75.html]
[www.antgroup.com/newsDetail4d1c.html]
[www.antgroup.com/newsDetail4408.html]
[www.antgroup.com/newsDetailefae.html]
[www.antgroup.com/newsDetail2022.html]
[www.antgroup.com/financialKnowledge934b.html]
[www.antgroup.com/financialKnowledgebd64.html]
[www.antgroup.com/financialKnowledge.html]
[www.antgroup.com/financialKnowledgefcf2.html]
[www.antgroup.com/newsDetail91c6.html]
[www.antgroup.com/newsDetailcb2f.html]
[www.antgroup.com/newsDetail4af9.html]
[www.antgroup.com/riskWarning.html]
[www.antgroup.com/newsDetail2f7f.html]
[www.antgroup.com/newsDetail7343.html]
[www.antgroup.com/newsDetail69e8.html]
[www.antgroup.com/newsDetail8513.html]
[www.antgroup.com/newsDetail978b.html]
[www.antgroup.com/newsDetail2452.html]
[www.antgroup.com/newsDetail3fd8.html]
[www.antgroup.com/newsDetail1382.html]
[www.antgroup.com/newsDetail111b.html]
[www.antgroup.com/newsDetail18b4.html]
[www.antgroup.com/newsDetailad3e.html]
[www.antgroup.com/policyGuide934b.html]
[www.antgroup.com/policyGuide.html]
[www.antgroup.com/policyGuidebd64.html]
[www.antgroup.com/newsDetaila84b.html]
[www.antgroup.com/newsDetail1d69.html]
[www.antgroup.com/newsDetailfaba.html]
[www.antgroup.com/newsDetail4404.html]
[www.antgroup.com/newsDetaild5fd.html]
[www.antgroup.com/newsDetaildaec.html]
[www.antgroup.com/newsDetaila31c.html]
[www.antgroup.com/newsDetail9d08.html]
[www.antgroup.com/newsDetail9a8e.html]
[www.antgroup.com/professional934b.html]
[www.antgroup.com/professional.html]
[www.antgroup.com/professionalbd64.html]
[www.antgroup.com/newsDetail7ed0.html]
[www.antgroup.com/newsDetail5d35.html]
[www.antgroup.com/newsDetail640f.html]
[www.antgroup.com/newsDetail460f.html]
[www.antgroup.com/newsDetailc738.html]
[www.antgroup.com/newsDetail9716.html]
[www.antgroup.com/newsDetailfb96.html]
[www.antgroup.com/newsDetail1c4a.html]
[www.antgroup.com/newsDetail42ab.html]
[www.antgroup.com/caseAnalysis934b.html]
[www.antgroup.com/caseAnalysis.html]
[www.antgroup.com/index21f4.html]
[www.antgroup.com/caseAnalysisbd64.html]
[zos.alipayobjects.com/rmsportal/NUqycmdbqYzlmiQ.png]
[www.antgroup.com/index97fa.html]
[os.alipayobjects.com/rmsportal/MVwXqejFjQuIeLD.js]
[a.alipayobjects.com/staticweb/app_www_antfinancial_com_view_index_html_js-5901df2c176597ca3874.js]
[www.antgroup.com/$1/index.html]
[a.alipayobjects.com/staticweb/app_www_antfinancial_com_view_introduction_html_css-9b2665e732c4c657d2b5.css]
[a.alipayobjects.com/staticweb/app_www_antfinancial_com_view_introduction_html_js-f738f68512e6da6e22f6.js]
[a.alipayobjects.com/staticweb/app_www_antfinancial_com_view_history_html_css-eead7059ba11ddaa6ee8.css]
[os.alipayobjects.com/rmsportal/nGFyCGHAblMWsYE.js]
[a.alipayobjects.com/staticweb/app_www_antfinancial_com_view_history_html_js-539129ebbbfe190e5445.js]
[a.alipayobjects.com/staticweb/app_www_antfinancial_com_view_culture_html_css-7a3727374e52bb48ad99.css]
[a.alipayobjects.com/staticweb/app_www_antfinancial_com_view_culture_html_js-091d055a9e1c005bfec0.js]
[a.alipayobjects.com/staticweb/app_www_antfinancial_com_view_team_html_css-ae0416aae0134aea16e4.css]
[a.alipayobjects.com/staticweb/app_www_antfinancial_com_view_family_html_css-d740d6372c3eed4f8bca.css]
[a.alipayobjects.com/staticweb/app_www_antfinancial_com_view_fqa_html_css-fde192cd6de58f93be73.css]
[a.alipayobjects.com/staticweb/app_www_antfinancial_com_view_news_html_css-28df6d9b94e97dc62998.css]
[www.antgroup.com/newsd7e3.html]
[www.antgroup.com/newse799.html]
[www.antgroup.com/news2d8a.html]
[www.antgroup.com/newsa575.html]
[www.antgroup.com/news2849.html]
[www.antgroup.com/news716b.html]
[www.antgroup.com/news5644.html]
[www.antgroup.com/news4cda.html]
[www.antgroup.com/newse32c.html]
[www.antgroup.com/news513c.html]
[www.antgroup.com/news51b8.html]
[www.antgroup.com/news8718.html]
[www.antgroup.com/news1063.html]
[www.antgroup.com/news0492.html]
[www.antgroup.com/news076a.html]
[www.antgroup.com/news1f22.html]
[www.antgroup.com/news62d9.html]
[www.antgroup.com/newsd278.html]
[www.antgroup.com/news49c3.html]
[www.antgroup.com/newsc675.html]
[www.antgroup.com/newsc4ce.html]
[www.antgroup.com/news5657.html]
[www.antgroup.com/news001f.html]
[www.antgroup.com/news8d64.html]
[www.antgroup.com/newsc296.html]
[www.antgroup.com/news77d6.html]
[www.antgroup.com/news51ea.html]
[www.antgroup.com/newsb9a3.html]
[www.antgroup.com/news5ae3.html]
[www.antgroup.com/news70f2.html]
[www.antgroup.com/newse34e.html]
[www.antgroup.com/news1a05.html]
[www.antgroup.com/news4683.html]
[www.antgroup.com/news1cf4.html]
[www.antgroup.com/news934b.html]
[www.antgroup.com/newsbd64.html]
[www.antgroup.com/newsfcf2.html]
[www.antgroup.com/news0120.html]
[www.antgroup.com/newsc344.html]
[a.alipayobjects.com/staticweb/app_www_antfinancial_com_view_news_html_js-f34dfa6317bcf5ebadb3.js]
[a.alipayobjects.com/staticweb/app_www_antfinancial_com_view_articleList_html_css-69fd3bec1a79e777d77f.css]
[www.antgroup.com/newsafb4.html]
[www.antgroup.com/newsDetail5812.html]
[www.antgroup.com/newsDetailecc7.html]
[www.antgroup.com/newsDetail5d42.html]
[www.antgroup.com/newsDetail0008.html]
[www.antgroup.com/newsDetail7ff1.html]
[www.antgroup.com/newsDetail3e58.html]
[www.antgroup.com/newsDetail75cf.html]
[www.antgroup.com/newsDetail2512.html]
[www.antgroup.com/newsDetailcf47.html]
[a.alipayobjects.com/staticweb/app_www_antfinancial_com_view_newsDetail_html_css-88ef592a330acdad4272.css]
[www.antgroup.com/newsDetail886d.html]
[www.antgroup.com/newsDetail287e.html]
[www.antgroup.com/newsDetailf062.html]
[www.antgroup.com/newsDetailf992.html]
[www.antgroup.com/newsDetail33fe.html]
[www.antgroup.com/newsDetail2609.html]
[www.antgroup.com/newsDetail0bdf.html]
[www.antgroup.com/newsDetail7cdd.html]
[www.antgroup.com/report934b.html]
[www.antgroup.com/newsDetail8029.html]
[www.antgroup.com/newsDetail6791.html]
[www.antgroup.com/newsDetail202e.html]
[www.antgroup.com/newsDetailcb36.html]
[www.antgroup.com/newsDetail1150.html]
[www.antgroup.com/newsDetaild63f.html]
[www.antgroup.com/newsDetail79fe.html]
[www.antgroup.com/newsDetail3071.html]
[www.antgroup.com/newsDetail4b92.html]
[www.antgroup.com/reportbd64.html]
[www.antgroup.com/reportfcf2.html]
[a.alipayobjects.com/staticweb/app_www_antfinancial_com_view_dataBrand_html_css-7676b53b481ece178cd3.css]
[www.antgroup.com/newsDetaile315.html]
[a.alipayobjects.com/staticweb/app_www_antfinancial_com_view_dataVideo_html_css-5b758d74ec99f929c27d.css]
[zos.alipayobjects.com/rmsportal/WmtURhgDRUYfjKe.png]
[zos.alipayobjects.com/rmsportal/SQDqvZCPEOAsfbs.png]
[zos.alipayobjects.com/rmsportal/zsWejYYCgRHbhxk.png]
[zos.alipayobjects.com/rmsportal/nujwiDiIJvkPyEs.png]
[zos.alipayobjects.com/rmsportal/DpWEguVFNmrUzkr.png]
[zos.alipayobjects.com/rmsportal/DRtRdiBbRtonBOm.png]
[zos.alipayobjects.com/rmsportal/CTzZAEoAFHRAjpR.png]
[zos.alipayobjects.com/rmsportal/IjTWzCqNMhzeGDR.png]
[zos.alipayobjects.com/rmsportal/JuayIlzfeofqAxt.png]
[zos.alipayobjects.com/rmsportal/MgibyhIVnWblLdN.png]
[zos.alipayobjects.com/rmsportal/NLzORsQfgcjmJgy.png]
[zos.alipayobjects.com/rmsportal/polmOPjUvcoGTom.png]
[www.antgroup.com/dataVideo.html]
[zos.alipayobjects.com/rmsportal/QbgcUkokaeYNBUP.png]
[a.alipayobjects.com/staticweb/app_www_antfinancial_com_view_socialMedia_html_css-4e9d2a4e70c335d700d3.css]
[a.alipayobjects.com/staticweb/app_www_antfinancial_com_view_brand_html_css-97f3a55cfde1273a3ece.css]
[a.alipayobjects.com/staticweb/app_www_antfinancial_com_view_brand_html_js-12365c2c65f53d8e20dd.js]
[a.alipayobjects.com/staticweb/app_www_antfinancial_com_view_development_html_css-ac045242015379162f22.css]
[a.alipayobjects.com/staticweb/app_www_antfinancial_com_view_exploration_html_css-bb907ce02e56661d271c.css]
[a.alipayobjects.com/staticweb/app_www_antfinancial_com_view_address_html_css-a6c2ff8d96b421e61367.css]
[a.alipayobjects.com/staticweb/app_www_antfinancial_com_view_address_html_js-89dd82cd5de9b5ddabce.js]
[www.antgroup.com/newsDetailacee.html]
[www.antgroup.com/newsDetail4fd0.html]
[www.antgroup.com/newsDetaila578.html]
[www.antgroup.com/newsDetailfae3.html]
[www.antgroup.com/newsDetail44b5.html]
[www.antgroup.com/newsDetailef75.html]
[www.antgroup.com/newsDetail4d1c.html]
[www.antgroup.com/newsDetail4408.html]
[www.antgroup.com/newsDetailefae.html]
[www.antgroup.com/newsDetail2022.html]
[www.antgroup.com/financialKnowledge934b.html]
[www.antgroup.com/financialKnowledgebd64.html]
[www.antgroup.com/financialKnowledgefcf2.html]
[www.antgroup.com/newsDetail91c6.html]
[www.antgroup.com/newsDetailcb2f.html]
[www.antgroup.com/newsDetail4af9.html]
[www.antgroup.com/newsDetail2f7f.html]
[www.antgroup.com/newsDetail7343.html]
[www.antgroup.com/newsDetail69e8.html]
[www.antgroup.com/newsDetail8513.html]
[www.antgroup.com/newsDetail978b.html]
[www.antgroup.com/newsDetail2452.html]
[www.antgroup.com/newsDetail3fd8.html]
[www.antgroup.com/newsDetail1382.html]
[www.antgroup.com/newsDetail111b.html]
[www.antgroup.com/newsDetail18b4.html]
[www.antgroup.com/newsDetailad3e.html]
[www.antgroup.com/policyGuide934b.html]
[www.antgroup.com/policyGuidebd64.html]
[www.antgroup.com/newsDetaila84b.html]
[www.antgroup.com/newsDetail1d69.html]
[www.antgroup.com/newsDetailfaba.html]
[www.antgroup.com/newsDetail4404.html]
[www.antgroup.com/newsDetaild5fd.html]
[www.antgroup.com/newsDetaildaec.html]
[www.antgroup.com/newsDetaila31c.html]
[www.antgroup.com/newsDetail9d08.html]
[www.antgroup.com/newsDetail9a8e.html]
[www.antgroup.com/professional934b.html]
[www.antgroup.com/professionalbd64.html]
[www.antgroup.com/newsDetail7ed0.html]
[www.antgroup.com/newsDetail5d35.html]
[www.antgroup.com/newsDetail640f.html]
[www.antgroup.com/newsDetail460f.html]
[www.antgroup.com/newsDetailc738.html]
[www.antgroup.com/newsDetail9716.html]
[www.antgroup.com/newsDetailfb96.html]
[www.antgroup.com/newsDetail1c4a.html]
[www.antgroup.com/newsDetail42ab.html]
[www.antgroup.com/caseAnalysis934b.html]
[www.antgroup.com/caseAnalysisbd64.html]
[www.antgroup.com/Version/index.html]
[www.antgroup.com/news8718.html]
[www.antgroup.com/news1063.html]
[www.antgroup.com/news0492.html]
[www.antgroup.com/news076a.html]
[www.antgroup.com/news1f22.html]
[www.antgroup.com/newsd278.html]
[www.antgroup.com/news49c3.html]
[www.antgroup.com/newsc675.html]
[www.antgroup.com/newsc4ce.html]
[www.antgroup.com/news5657.html]
[www.antgroup.com/news8d64.html]
[www.antgroup.com/newsc296.html]
[www.antgroup.com/news77d6.html]
[www.antgroup.com/news51ea.html]
[www.antgroup.com/newsb9a3.html]
[www.antgroup.com/news70f2.html]
[www.antgroup.com/newsca89.html]
[www.antgroup.com/newse34e.html]
[www.antgroup.com/news1a05.html]
[www.antgroup.com/news4683.html]
[www.antgroup.com/news1cf4.html]
[www.antgroup.com/newsafb4.html]
[a.alipayobjects.com/staticweb/app_www_antfinancial_com_view_newsDetail_html_css-88ef592a330acdad4272.css]
[www.antgroup.com/newsDetail886d.html]
[www.antgroup.com/newsDetail287e.html]
[www.antgroup.com/newsDetailf062.html]
[www.antgroup.com/newsDetailf992.html]
[www.antgroup.com/newsDetail33fe.html]
[www.antgroup.com/newsDetail2609.html]
[www.antgroup.com/newsDetail0bdf.html]
[www.antgroup.com/newsDetail7cdd.html]
[www.antgroup.com/newsDetail8029.html]
[www.antgroup.com/newsDetail6791.html]
[www.antgroup.com/newsDetail202e.html]
[www.antgroup.com/newsDetailcb36.html]
[www.antgroup.com/newsDetail1150.html]
[www.antgroup.com/newsDetaild63f.html]
[www.antgroup.com/newsDetail79fe.html]
[www.antgroup.com/newsDetail3071.html]
[www.antgroup.com/newsDetail4b92.html]
[www.antgroup.com/newsDetaile315.html]
[a.alipayobjects.com/staticweb/app_www_antfinancial_com_view_dataVideo_html_css-5b758d74ec99f929c27d.css]
[www.antgroup.com/news9f7f.html]
[www.antgroup.com/newsca89.html]
[www.antgroup.com/news9f7f.html]
